
> backend@0.0.1 start:dev
> nest start --watch

[2J[3J[H[[90m4:06:03 PM[0m] Starting compilation in watch mode...

[[90m4:06:10 PM[0m] Found 0 errors. Watching for file changes.

[32m[Nest] 10976  - [39m04/04/2026, 4:06:11 PM [32m    LOG[39m [38;5;3m[NestFactory] [39m[32mStarting Nest application...[39m
[32m[Nest] 10976  - [39m04/04/2026, 4:06:11 PM [32m    LOG[39m [38;5;3m[InstanceLoader] [39m[32mPrismaModule dependencies initialized[39m[38;5;3m +20ms[39m
[32m[Nest] 10976  - [39m04/04/2026, 4:06:11 PM [32m    LOG[39m [38;5;3m[InstanceLoader] [39m[32mPassportModule dependencies initialized[39m[38;5;3m +0ms[39m
[32m[Nest] 10976  - [39m04/04/2026, 4:06:11 PM [32m    LOG[39m [38;5;3m[InstanceLoader] [39m[32mJwtModule dependencies initialized[39m[38;5;3m +0ms[39m
[32m[Nest] 10976  - [39m04/04/2026, 4:06:11 PM [32m    LOG[39m [38;5;3m[InstanceLoader] [39m[32mInvoicesModule dependencies initialized[39m[38;5;3m +3ms[39m
[32m[Nest] 10976  - [39m04/04/2026, 4:06:11 PM [32m    LOG[39m [38;5;3m[InstanceLoader] [39m[32mShipmentsModule dependencies initialized[39m[38;5;3m +0ms[39m
[32m[Nest] 10976  - [39m04/04/2026, 4:06:11 PM [32m    LOG[39m [38;5;3m[InstanceLoader] [39m[32mDriversModule dependencies initialized[39m[38;5;3m +0ms[39m
[32m[Nest] 10976  - [39m04/04/2026, 4:06:11 PM [32m    LOG[39m [38;5;3m[InstanceLoader] [39m[32mAppModule dependencies initialized[39m[38;5;3m +0ms[39m
[32m[Nest] 10976  - [39m04/04/2026, 4:06:11 PM [32m    LOG[39m [38;5;3m[InstanceLoader] [39m[32mAuthModule dependencies initialized[39m[38;5;3m +0ms[39m
[32m[Nest] 10976  - [39m04/04/2026, 4:06:11 PM [32m    LOG[39m [38;5;3m[RoutesResolver] [39m[32mAppController {/}:[39m[38;5;3m +30ms[39m
[32m[Nest] 10976  - [39m04/04/2026, 4:06:11 PM [32m    LOG[39m [38;5;3m[RouterExplorer] [39m[32mMapped {/, GET} route[39m[38;5;3m +2ms[39m
[32m[Nest] 10976  - [39m04/04/2026, 4:06:11 PM [32m    LOG[39m [38;5;3m[RoutesResolver] [39m[32mAnalyticsController {/analytics}:[39m[38;5;3m +0ms[39m
[32m[Nest] 10976  - [39m04/04/2026, 4:06:11 PM [32m    LOG[39m [38;5;3m[RouterExplorer] [39m[32mMapped {/analytics, GET} route[39m[38;5;3m +1ms[39m
[32m[Nest] 10976  - [39m04/04/2026, 4:06:11 PM [32m    LOG[39m [38;5;3m[RoutesResolver] [39m[32mTrackController {/track}:[39m[38;5;3m +0ms[39m
[32m[Nest] 10976  - [39m04/04/2026, 4:06:11 PM [32m    LOG[39m [38;5;3m[RouterExplorer] [39m[32mMapped {/track/:trackingId, GET} route[39m[38;5;3m +1ms[39m
[32m[Nest] 10976  - [39m04/04/2026, 4:06:11 PM [32m    LOG[39m [38;5;3m[RoutesResolver] [39m[32mPublicAnalyticsController {/public-analytics}:[39m[38;5;3m +0ms[39m
[32m[Nest] 10976  - [39m04/04/2026, 4:06:11 PM [32m    LOG[39m [38;5;3m[RouterExplorer] [39m[32mMapped {/public-analytics/global-stats, GET} route[39m[38;5;3m +1ms[39m
[32m[Nest] 10976  - [39m04/04/2026, 4:06:11 PM [32m    LOG[39m [38;5;3m[RouterExplorer] [39m[32mMapped {/public-analytics/recent-events, GET} route[39m[38;5;3m +0ms[39m
[32m[Nest] 10976  - [39m04/04/2026, 4:06:11 PM [32m    LOG[39m [38;5;3m[RoutesResolver] [39m[32mShipmentsController {/shipments}:[39m[38;5;3m +0ms[39m
[32m[Nest] 10976  - [39m04/04/2026, 4:06:11 PM [32m    LOG[39m [38;5;3m[RouterExplorer] [39m[32mMapped {/shipments, POST} route[39m[38;5;3m +1ms[39m
[32m[Nest] 10976  - [39m04/04/2026, 4:06:11 PM [32m    LOG[39m [38;5;3m[RouterExplorer] [39m[32mMapped {/shipments, GET} route[39m[38;5;3m +0ms[39m
[32m[Nest] 10976  - [39m04/04/2026, 4:06:11 PM [32m    LOG[39m [38;5;3m[RouterExplorer] [39m[32mMapped {/shipments/:id, GET} route[39m[38;5;3m +1ms[39m
[32m[Nest] 10976  - [39m04/04/2026, 4:06:11 PM [32m    LOG[39m [38;5;3m[RouterExplorer] [39m[32mMapped {/shipments/:id, PATCH} route[39m[38;5;3m +0ms[39m
[32m[Nest] 10976  - [39m04/04/2026, 4:06:11 PM [32m    LOG[39m [38;5;3m[RouterExplorer] [39m[32mMapped {/shipments/:id, DELETE} route[39m[38;5;3m +1ms[39m
[32m[Nest] 10976  - [39m04/04/2026, 4:06:11 PM [32m    LOG[39m [38;5;3m[RoutesResolver] [39m[32mDriversController {/drivers}:[39m[38;5;3m +0ms[39m
[32m[Nest] 10976  - [39m04/04/2026, 4:06:11 PM [32m    LOG[39m [38;5;3m[RouterExplorer] [39m[32mMapped {/drivers, POST} route[39m[38;5;3m +0ms[39m
[32m[Nest] 10976  - [39m04/04/2026, 4:06:11 PM [32m    LOG[39m [38;5;3m[RouterExplorer] [39m[32mMapped {/drivers, GET} route[39m[38;5;3m +1ms[39m
[32m[Nest] 10976  - [39m04/04/2026, 4:06:11 PM [32m    LOG[39m [38;5;3m[RouterExplorer] [39m[32mMapped {/drivers/:id, GET} route[39m[38;5;3m +0ms[39m
[32m[Nest] 10976  - [39m04/04/2026, 4:06:11 PM [32m    LOG[39m [38;5;3m[RouterExplorer] [39m[32mMapped {/drivers/:id, PATCH} route[39m[38;5;3m +0ms[39m
[32m[Nest] 10976  - [39m04/04/2026, 4:06:11 PM [32m    LOG[39m [38;5;3m[RouterExplorer] [39m[32mMapped {/drivers/:id, DELETE} route[39m[38;5;3m +1ms[39m
[32m[Nest] 10976  - [39m04/04/2026, 4:06:11 PM [32m    LOG[39m [38;5;3m[RoutesResolver] [39m[32mAuthController {/auth}:[39m[38;5;3m +0ms[39m
[32m[Nest] 10976  - [39m04/04/2026, 4:06:11 PM [32m    LOG[39m [38;5;3m[RouterExplorer] [39m[32mMapped {/auth/login, POST} route[39m[38;5;3m +0ms[39m
[32m[Nest] 10976  - [39m04/04/2026, 4:06:11 PM [32m    LOG[39m [38;5;3m[RouterExplorer] [39m[32mMapped {/auth/register, POST} route[39m[38;5;3m +1ms[39m
[32m[Nest] 10976  - [39m04/04/2026, 4:06:11 PM [32m    LOG[39m [38;5;3m[RouterExplorer] [39m[32mMapped {/auth/oauth-login, POST} route[39m[38;5;3m +0ms[39m
[32m[Nest] 10976  - [39m04/04/2026, 4:06:11 PM [32m    LOG[39m [38;5;3m[RouterExplorer] [39m[32mMapped {/auth/profile, GET} route[39m[38;5;3m +0ms[39m
[32m[Nest] 10976  - [39m04/04/2026, 4:06:11 PM [32m    LOG[39m [38;5;3m[RoutesResolver] [39m[32mInvoicesController {/shipments}:[39m[38;5;3m +0ms[39m
[32m[Nest] 10976  - [39m04/04/2026, 4:06:11 PM [32m    LOG[39m [38;5;3m[RouterExplorer] [39m[32mMapped {/shipments/:id/invoice, GET} route[39m[38;5;3m +3ms[39m
[32m[Nest] 10976  - [39m04/04/2026, 4:06:11 PM [32m    LOG[39m [38;5;3m[NestApplication] [39m[32mNest application successfully started[39m[38;5;3m +79ms[39m
[2J[3J[H[[90m4:39:04 PM[0m] File change detected. Starting incremental compilation...

[[90m4:39:06 PM[0m] Found 0 errors. Watching for file changes.

[2J[3J[H[[90m4:39:06 PM[0m] File change detected. Starting incremental compilation...

[32m[Nest] 12203  - [39m04/04/2026, 4:39:07 PM [32m    LOG[39m [38;5;3m[NestFactory] [39m[32mStarting Nest application...[39m
[32m[Nest] 12203  - [39m04/04/2026, 4:39:07 PM [32m    LOG[39m [38;5;3m[InstanceLoader] [39m[32mPrismaModule dependencies initialized[39m[38;5;3m +41ms[39m
[32m[Nest] 12203  - [39m04/04/2026, 4:39:07 PM [32m    LOG[39m [38;5;3m[InstanceLoader] [39m[32mPassportModule dependencies initialized[39m[38;5;3m +0ms[39m
[32m[Nest] 12203  - [39m04/04/2026, 4:39:07 PM [32m    LOG[39m [38;5;3m[InstanceLoader] [39m[32mJwtModule dependencies initialized[39m[38;5;3m +1ms[39m
[32m[Nest] 12203  - [39m04/04/2026, 4:39:07 PM [32m    LOG[39m [38;5;3m[InstanceLoader] [39m[32mInvoicesModule dependencies initialized[39m[38;5;3m +4ms[39m
[32m[Nest] 12203  - [39m04/04/2026, 4:39:07 PM [32m    LOG[39m [38;5;3m[InstanceLoader] [39m[32mShipmentsModule dependencies initialized[39m[38;5;3m +1ms[39m
[32m[Nest] 12203  - [39m04/04/2026, 4:39:07 PM [32m    LOG[39m [38;5;3m[InstanceLoader] [39m[32mDriversModule dependencies initialized[39m[38;5;3m +0ms[39m
[32m[Nest] 12203  - [39m04/04/2026, 4:39:07 PM [32m    LOG[39m [38;5;3m[InstanceLoader] [39m[32mAppModule dependencies initialized[39m[38;5;3m +0ms[39m
[32m[Nest] 12203  - [39m04/04/2026, 4:39:07 PM [32m    LOG[39m [38;5;3m[InstanceLoader] [39m[32mAuthModule dependencies initialized[39m[38;5;3m +0ms[39m
[32m[Nest] 12203  - [39m04/04/2026, 4:39:07 PM [32m    LOG[39m [38;5;3m[RoutesResolver] [39m[32mAppController {/}:[39m[38;5;3m +62ms[39m
[32m[Nest] 12203  - [39m04/04/2026, 4:39:07 PM [32m    LOG[39m [38;5;3m[RouterExplorer] [39m[32mMapped {/, GET} route[39m[38;5;3m +6ms[39m
[32m[Nest] 12203  - [39m04/04/2026, 4:39:07 PM [32m    LOG[39m [38;5;3m[RoutesResolver] [39m[32mAnalyticsController {/analytics}:[39m[38;5;3m +0ms[39m
[32m[Nest] 12203  - [39m04/04/2026, 4:39:07 PM [32m    LOG[39m [38;5;3m[RouterExplorer] [39m[32mMapped {/analytics, GET} route[39m[38;5;3m +2ms[39m
[32m[Nest] 12203  - [39m04/04/2026, 4:39:07 PM [32m    LOG[39m [38;5;3m[RoutesResolver] [39m[32mTrackController {/track}:[39m[38;5;3m +0ms[39m
[32m[Nest] 12203  - [39m04/04/2026, 4:39:07 PM [32m    LOG[39m [38;5;3m[RouterExplorer] [39m[32mMapped {/track/:trackingId, GET} route[39m[38;5;3m +1ms[39m
[32m[Nest] 12203  - [39m04/04/2026, 4:39:07 PM [32m    LOG[39m [38;5;3m[RoutesResolver] [39m[32mPublicAnalyticsController {/public-analytics}:[39m[38;5;3m +0ms[39m
[32m[Nest] 12203  - [39m04/04/2026, 4:39:07 PM [32m    LOG[39m [38;5;3m[RouterExplorer] [39m[32mMapped {/public-analytics/global-stats, GET} route[39m[38;5;3m +1ms[39m
[32m[Nest] 12203  - [39m04/04/2026, 4:39:07 PM [32m    LOG[39m [38;5;3m[RouterExplorer] [39m[32mMapped {/public-analytics/recent-events, GET} route[39m[38;5;3m +0ms[39m
[32m[Nest] 12203  - [39m04/04/2026, 4:39:07 PM [32m    LOG[39m [38;5;3m[RoutesResolver] [39m[32mShipmentsController {/shipments}:[39m[38;5;3m +0ms[39m
[32m[Nest] 12203  - [39m04/04/2026, 4:39:07 PM [32m    LOG[39m [38;5;3m[RouterExplorer] [39m[32mMapped {/shipments, POST} route[39m[38;5;3m +1ms[39m
[32m[Nest] 12203  - [39m04/04/2026, 4:39:07 PM [32m    LOG[39m [38;5;3m[RouterExplorer] [39m[32mMapped {/shipments, GET} route[39m[38;5;3m +0ms[39m
[32m[Nest] 12203  - [39m04/04/2026, 4:39:07 PM [32m    LOG[39m [38;5;3m[RouterExplorer] [39m[32mMapped {/shipments/:id, GET} route[39m[38;5;3m +1ms[39m
[32m[Nest] 12203  - [39m04/04/2026, 4:39:07 PM [32m    LOG[39m [38;5;3m[RouterExplorer] [39m[32mMapped {/shipments/:id, PATCH} route[39m[38;5;3m +1ms[39m
[32m[Nest] 12203  - [39m04/04/2026, 4:39:07 PM [32m    LOG[39m [38;5;3m[RouterExplorer] [39m[32mMapped {/shipments/:id, DELETE} route[39m[38;5;3m +0ms[39m
[32m[Nest] 12203  - [39m04/04/2026, 4:39:07 PM [32m    LOG[39m [38;5;3m[RoutesResolver] [39m[32mDriversController {/drivers}:[39m[38;5;3m +0ms[39m
[32m[Nest] 12203  - [39m04/04/2026, 4:39:07 PM [32m    LOG[39m [38;5;3m[RouterExplorer] [39m[32mMapped {/drivers, POST} route[39m[38;5;3m +5ms[39m
[32m[Nest] 12203  - [39m04/04/2026, 4:39:07 PM [32m    LOG[39m [38;5;3m[RouterExplorer] [39m[32mMapped {/drivers, GET} route[39m[38;5;3m +0ms[39m
[32m[Nest] 12203  - [39m04/04/2026, 4:39:07 PM [32m    LOG[39m [38;5;3m[RouterExplorer] [39m[32mMapped {/drivers/:id, GET} route[39m[38;5;3m +1ms[39m
[32m[Nest] 12203  - [39m04/04/2026, 4:39:07 PM [32m    LOG[39m [38;5;3m[RouterExplorer] [39m[32mMapped {/drivers/:id, PATCH} route[39m[38;5;3m +1ms[39m
[32m[Nest] 12203  - [39m04/04/2026, 4:39:07 PM [32m    LOG[39m [38;5;3m[RouterExplorer] [39m[32mMapped {/drivers/:id, DELETE} route[39m[38;5;3m +0ms[39m
[32m[Nest] 12203  - [39m04/04/2026, 4:39:07 PM [32m    LOG[39m [38;5;3m[RoutesResolver] [39m[32mAuthController {/auth}:[39m[38;5;3m +0ms[39m
[32m[Nest] 12203  - [39m04/04/2026, 4:39:07 PM [32m    LOG[39m [38;5;3m[RouterExplorer] [39m[32mMapped {/auth/login, POST} route[39m[38;5;3m +1ms[39m
[32m[Nest] 12203  - [39m04/04/2026, 4:39:07 PM [32m    LOG[39m [38;5;3m[RouterExplorer] [39m[32mMapped {/auth/register, POST} route[39m[38;5;3m +0ms[39m
[32m[Nest] 12203  - [39m04/04/2026, 4:39:07 PM [32m    LOG[39m [38;5;3m[RouterExplorer] [39m[32mMapped {/auth/oauth-login, POST} route[39m[38;5;3m +0ms[39m
[32m[Nest] 12203  - [39m04/04/2026, 4:39:07 PM [32m    LOG[39m [38;5;3m[RouterExplorer] [39m[32mMapped {/auth/profile, GET} route[39m[38;5;3m +0ms[39m
[32m[Nest] 12203  - [39m04/04/2026, 4:39:07 PM [32m    LOG[39m [38;5;3m[RoutesResolver] [39m[32mInvoicesController {/shipments}:[39m[38;5;3m +1ms[39m
[32m[Nest] 12203  - [39m04/04/2026, 4:39:07 PM [32m    LOG[39m [38;5;3m[RouterExplorer] [39m[32mMapped {/shipments/:id/invoice, GET} route[39m[38;5;3m +0ms[39m
[32m[Nest] 12203  - [39m04/04/2026, 4:39:07 PM [32m    LOG[39m [38;5;3m[NestApplication] [39m[32mNest application successfully started[39m[38;5;3m +133ms[39m
[[90m4:39:07 PM[0m] Found 0 errors. Watching for file changes.

[32m[Nest] 12215  - [39m04/04/2026, 4:39:08 PM [32m    LOG[39m [38;5;3m[NestFactory] [39m[32mStarting Nest application...[39m
[32m[Nest] 12215  - [39m04/04/2026, 4:39:08 PM [32m    LOG[39m [38;5;3m[InstanceLoader] [39m[32mPrismaModule dependencies initialized[39m[38;5;3m +38ms[39m
[32m[Nest] 12215  - [39m04/04/2026, 4:39:08 PM [32m    LOG[39m [38;5;3m[InstanceLoader] [39m[32mPassportModule dependencies initialized[39m[38;5;3m +1ms[39m
[32m[Nest] 12215  - [39m04/04/2026, 4:39:08 PM [32m    LOG[39m [38;5;3m[InstanceLoader] [39m[32mJwtModule dependencies initialized[39m[38;5;3m +1ms[39m
[32m[Nest] 12215  - [39m04/04/2026, 4:39:08 PM [32m    LOG[39m [38;5;3m[InstanceLoader] [39m[32mInvoicesModule dependencies initialized[39m[38;5;3m +4ms[39m
[32m[Nest] 12215  - [39m04/04/2026, 4:39:08 PM [32m    LOG[39m [38;5;3m[InstanceLoader] [39m[32mShipmentsModule dependencies initialized[39m[38;5;3m +0ms[39m
[32m[Nest] 12215  - [39m04/04/2026, 4:39:08 PM [32m    LOG[39m [38;5;3m[InstanceLoader] [39m[32mDriversModule dependencies initialized[39m[38;5;3m +0ms[39m
[32m[Nest] 12215  - [39m04/04/2026, 4:39:08 PM [32m    LOG[39m [38;5;3m[InstanceLoader] [39m[32mAppModule dependencies initialized[39m[38;5;3m +1ms[39m
[32m[Nest] 12215  - [39m04/04/2026, 4:39:08 PM [32m    LOG[39m [38;5;3m[InstanceLoader] [39m[32mAuthModule dependencies initialized[39m[38;5;3m +0ms[39m
[32m[Nest] 12215  - [39m04/04/2026, 4:39:08 PM [32m    LOG[39m [38;5;3m[RoutesResolver] [39m[32mAppController {/}:[39m[38;5;3m +32ms[39m
[32m[Nest] 12215  - [39m04/04/2026, 4:39:08 PM [32m    LOG[39m [38;5;3m[RouterExplorer] [39m[32mMapped {/, GET} route[39m[38;5;3m +3ms[39m
[32m[Nest] 12215  - [39m04/04/2026, 4:39:08 PM [32m    LOG[39m [38;5;3m[RoutesResolver] [39m[32mAnalyticsController {/analytics}:[39m[38;5;3m +0ms[39m
[32m[Nest] 12215  - [39m04/04/2026, 4:39:08 PM [32m    LOG[39m [38;5;3m[RouterExplorer] [39m[32mMapped {/analytics, GET} route[39m[38;5;3m +1ms[39m
[32m[Nest] 12215  - [39m04/04/2026, 4:39:08 PM [32m    LOG[39m [38;5;3m[RoutesResolver] [39m[32mTrackController {/track}:[39m[38;5;3m +0ms[39m
[32m[Nest] 12215  - [39m04/04/2026, 4:39:08 PM [32m    LOG[39m [38;5;3m[RouterExplorer] [39m[32mMapped {/track/:trackingId, GET} route[39m[38;5;3m +1ms[39m
[32m[Nest] 12215  - [39m04/04/2026, 4:39:08 PM [32m    LOG[39m [38;5;3m[RoutesResolver] [39m[32mPublicAnalyticsController {/public-analytics}:[39m[38;5;3m +0ms[39m
[32m[Nest] 12215  - [39m04/04/2026, 4:39:08 PM [32m    LOG[39m [38;5;3m[RouterExplorer] [39m[32mMapped {/public-analytics/global-stats, GET} route[39m[38;5;3m +0ms[39m
[32m[Nest] 12215  - [39m04/04/2026, 4:39:08 PM [32m    LOG[39m [38;5;3m[RouterExplorer] [39m[32mMapped {/public-analytics/recent-events, GET} route[39m[38;5;3m +1ms[39m
[32m[Nest] 12215  - [39m04/04/2026, 4:39:08 PM [32m    LOG[39m [38;5;3m[RoutesResolver] [39m[32mShipmentsController {/shipments}:[39m[38;5;3m +0ms[39m
[32m[Nest] 12215  - [39m04/04/2026, 4:39:08 PM [32m    LOG[39m [38;5;3m[RouterExplorer] [39m[32mMapped {/shipments, POST} route[39m[38;5;3m +0ms[39m
[32m[Nest] 12215  - [39m04/04/2026, 4:39:08 PM [32m    LOG[39m [38;5;3m[RouterExplorer] [39m[32mMapped {/shipments, GET} route[39m[38;5;3m +1ms[39m
[32m[Nest] 12215  - [39m04/04/2026, 4:39:08 PM [32m    LOG[39m [38;5;3m[RouterExplorer] [39m[32mMapped {/shipments/:id, GET} route[39m[38;5;3m +4ms[39m
[32m[Nest] 12215  - [39m04/04/2026, 4:39:08 PM [32m    LOG[39m [38;5;3m[RouterExplorer] [39m[32mMapped {/shipments/:id, PATCH} route[39m[38;5;3m +1ms[39m
[32m[Nest] 12215  - [39m04/04/2026, 4:39:08 PM [32m    LOG[39m [38;5;3m[RouterExplorer] [39m[32mMapped {/shipments/:id, DELETE} route[39m[38;5;3m +0ms[39m
[32m[Nest] 12215  - [39m04/04/2026, 4:39:08 PM [32m    LOG[39m [38;5;3m[RoutesResolver] [39m[32mDriversController {/drivers}:[39m[38;5;3m +0ms[39m
[32m[Nest] 12215  - [39m04/04/2026, 4:39:08 PM [32m    LOG[39m [38;5;3m[RouterExplorer] [39m[32mMapped {/drivers, POST} route[39m[38;5;3m +1ms[39m
[32m[Nest] 12215  - [39m04/04/2026, 4:39:08 PM [32m    LOG[39m [38;5;3m[RouterExplorer] [39m[32mMapped {/drivers, GET} route[39m[38;5;3m +0ms[39m
[32m[Nest] 12215  - [39m04/04/2026, 4:39:08 PM [32m    LOG[39m [38;5;3m[RouterExplorer] [39m[32mMapped {/drivers/:id, GET} route[39m[38;5;3m +0ms[39m
[32m[Nest] 12215  - [39m04/04/2026, 4:39:08 PM [32m    LOG[39m [38;5;3m[RouterExplorer] [39m[32mMapped {/drivers/:id, PATCH} route[39m[38;5;3m +1ms[39m
[32m[Nest] 12215  - [39m04/04/2026, 4:39:08 PM [32m    LOG[39m [38;5;3m[RouterExplorer] [39m[32mMapped {/drivers/:id, DELETE} route[39m[38;5;3m +0ms[39m
[32m[Nest] 12215  - [39m04/04/2026, 4:39:08 PM [32m    LOG[39m [38;5;3m[RoutesResolver] [39m[32mAuthController {/auth}:[39m[38;5;3m +0ms[39m
[32m[Nest] 12215  - [39m04/04/2026, 4:39:08 PM [32m    LOG[39m [38;5;3m[RouterExplorer] [39m[32mMapped {/auth/login, POST} route[39m[38;5;3m +1ms[39m
[32m[Nest] 12215  - [39m04/04/2026, 4:39:08 PM [32m    LOG[39m [38;5;3m[RouterExplorer] [39m[32mMapped {/auth/register, POST} route[39m[38;5;3m +0ms[39m
[32m[Nest] 12215  - [39m04/04/2026, 4:39:08 PM [32m    LOG[39m [38;5;3m[RouterExplorer] [39m[32mMapped {/auth/oauth-login, POST} route[39m[38;5;3m +0ms[39m
[32m[Nest] 12215  - [39m04/04/2026, 4:39:08 PM [32m    LOG[39m [38;5;3m[RouterExplorer] [39m[32mMapped {/auth/profile, GET} route[39m[38;5;3m +0ms[39m
[32m[Nest] 12215  - [39m04/04/2026, 4:39:08 PM [32m    LOG[39m [38;5;3m[RoutesResolver] [39m[32mInvoicesController {/shipments}:[39m[38;5;3m +0ms[39m
[32m[Nest] 12215  - [39m04/04/2026, 4:39:08 PM [32m    LOG[39m [38;5;3m[RouterExplorer] [39m[32mMapped {/shipments/:id/invoice, GET} route[39m[38;5;3m +1ms[39m
[32m[Nest] 12215  - [39m04/04/2026, 4:39:08 PM [32m    LOG[39m [38;5;3m[NestApplication] [39m[32mNest application successfully started[39m[38;5;3m +97ms[39m
[2J[3J[H[[90m5:14:01 PM[0m] File change detected. Starting incremental compilation...

[96msrc/common/cloudinary.service.ts[0m:[93m23[0m:[93m19[0m - [91merror[0m[90m TS2345: [0mArgument of type 'UploadApiResponse | undefined' is not assignable to parameter of type 'UploadApiResponse | UploadApiErrorResponse | PromiseLike<UploadApiResponse | UploadApiErrorResponse>'.
  Type 'undefined' is not assignable to type 'UploadApiResponse | UploadApiErrorResponse | PromiseLike<UploadApiResponse | UploadApiErrorResponse>'.

[7m23[0m           resolve(result);
[7m  [0m [91m                  ~~~~~~[0m

[[90m5:14:03 PM[0m] Found 1 error. Watching for file changes.

[2J[3J[H[[90m5:14:20 PM[0m] File change detected. Starting incremental compilation...

[96msrc/common/cloudinary.service.ts[0m:[93m23[0m:[93m19[0m - [91merror[0m[90m TS2345: [0mArgument of type 'UploadApiResponse | undefined' is not assignable to parameter of type 'UploadApiResponse | UploadApiErrorResponse | PromiseLike<UploadApiResponse | UploadApiErrorResponse>'.
  Type 'undefined' is not assignable to type 'UploadApiResponse | UploadApiErrorResponse | PromiseLike<UploadApiResponse | UploadApiErrorResponse>'.

[7m23[0m           resolve(result);
[7m  [0m [91m                  ~~~~~~[0m

[[90m5:14:21 PM[0m] Found 1 error. Watching for file changes.

[2J[3J[H[[90m5:14:22 PM[0m] File change detected. Starting incremental compilation...

[96msrc/auth/auth.controller.ts[0m:[93m76[0m:[93m29[0m - [91merror[0m[90m TS2339: [0mProperty 'getUserProfile' does not exist on type 'AuthService'.

[7m76[0m     return this.authService.getUserProfile(req.user.userId);
[7m  [0m [91m                            ~~~~~~~~~~~~~~[0m

[96msrc/auth/auth.controller.ts[0m:[93m88[0m:[93m31[0m - [91merror[0m[90m TS2339: [0mProperty 'updateAvatar' does not exist on type 'AuthService'.

[7m88[0m       return this.authService.updateAvatar(req.user.userId, result.secure_url);
[7m  [0m [91m                              ~~~~~~~~~~~~[0m

[96msrc/common/cloudinary.service.ts[0m:[93m23[0m:[93m19[0m - [91merror[0m[90m TS2345: [0mArgument of type 'UploadApiResponse | undefined' is not assignable to parameter of type 'UploadApiResponse | UploadApiErrorResponse | PromiseLike<UploadApiResponse | UploadApiErrorResponse>'.
  Type 'undefined' is not assignable to type 'UploadApiResponse | UploadApiErrorResponse | PromiseLike<UploadApiResponse | UploadApiErrorResponse>'.

[7m23[0m           resolve(result);
[7m  [0m [91m                  ~~~~~~[0m

[[90m5:14:23 PM[0m] Found 3 errors. Watching for file changes.

[2J[3J[H[[90m5:14:33 PM[0m] File change detected. Starting incremental compilation...

[96msrc/auth/auth.service.ts[0m:[93m147[0m:[93m9[0m - [91merror[0m[90m TS2353: [0mObject literal may only specify known properties, and 'avatarUrl' does not exist in type 'UserSelect<DefaultArgs>'.

[7m147[0m         avatarUrl: true,
[7m   [0m [91m        ~~~~~~~~~[0m

  [96mnode_modules/.prisma/client/index.d.ts[0m:[93m3401[0m:[93m5[0m
    [7m3401[0m     select?: UserSelect<ExtArgs> | null
    [7m    [0m [96m    ~~~~~~[0m
    The expected type comes from property 'select' which is declared here on type '{ select?: UserSelect<DefaultArgs> | null | undefined; omit?: UserOmit<DefaultArgs> | null | undefined; include?: UserInclude<DefaultArgs> | null | undefined; where: UserWhereUniqueInput; }'

[96msrc/auth/auth.service.ts[0m:[93m156[0m:[93m15[0m - [91merror[0m[90m TS2353: [0mObject literal may only specify known properties, and 'avatarUrl' does not exist in type '(Without<UserUpdateInput, UserUncheckedUpdateInput> & UserUncheckedUpdateInput) | (Without<...> & UserUpdateInput)'.

[7m156[0m       data: { avatarUrl },
[7m   [0m [91m              ~~~~~~~~~[0m

  [96mnode_modules/.prisma/client/index.d.ts[0m:[93m3669[0m:[93m5[0m
    [7m3669[0m     data: XOR<UserUpdateInput, UserUncheckedUpdateInput>
    [7m    [0m [96m    ~~~~[0m
    The expected type comes from property 'data' which is declared here on type '{ select?: UserSelect<DefaultArgs> | null | undefined; omit?: UserOmit<DefaultArgs> | null | undefined; include?: UserInclude<DefaultArgs> | null | undefined; data: (Without<...> & UserUncheckedUpdateInput) | (Without<...> & UserUpdateInput); where: UserWhereUniqueInput; }'

[96msrc/common/cloudinary.service.ts[0m:[93m23[0m:[93m19[0m - [91merror[0m[90m TS2345: [0mArgument of type 'UploadApiResponse | undefined' is not assignable to parameter of type 'UploadApiResponse | UploadApiErrorResponse | PromiseLike<UploadApiResponse | UploadApiErrorResponse>'.
  Type 'undefined' is not assignable to type 'UploadApiResponse | UploadApiErrorResponse | PromiseLike<UploadApiResponse | UploadApiErrorResponse>'.

[7m23[0m           resolve(result);
[7m  [0m [91m                  ~~~~~~[0m

[[90m5:14:34 PM[0m] Found 3 errors. Watching for file changes.

[2J[3J[H[[90m5:14:35 PM[0m] File change detected. Starting incremental compilation...

[96msrc/auth/auth.service.ts[0m:[93m147[0m:[93m9[0m - [91merror[0m[90m TS2353: [0mObject literal may only specify known properties, and 'avatarUrl' does not exist in type 'UserSelect<DefaultArgs>'.

[7m147[0m         avatarUrl: true,
[7m   [0m [91m        ~~~~~~~~~[0m

  [96mnode_modules/.prisma/client/index.d.ts[0m:[93m3401[0m:[93m5[0m
    [7m3401[0m     select?: UserSelect<ExtArgs> | null
    [7m    [0m [96m    ~~~~~~[0m
    The expected type comes from property 'select' which is declared here on type '{ select?: UserSelect<DefaultArgs> | null | undefined; omit?: UserOmit<DefaultArgs> | null | undefined; include?: UserInclude<DefaultArgs> | null | undefined; where: UserWhereUniqueInput; }'

[96msrc/auth/auth.service.ts[0m:[93m156[0m:[93m15[0m - [91merror[0m[90m TS2353: [0mObject literal may only specify known properties, and 'avatarUrl' does not exist in type '(Without<UserUpdateInput, UserUncheckedUpdateInput> & UserUncheckedUpdateInput) | (Without<...> & UserUpdateInput)'.

[7m156[0m       data: { avatarUrl },
[7m   [0m [91m              ~~~~~~~~~[0m

  [96mnode_modules/.prisma/client/index.d.ts[0m:[93m3669[0m:[93m5[0m
    [7m3669[0m     data: XOR<UserUpdateInput, UserUncheckedUpdateInput>
    [7m    [0m [96m    ~~~~[0m
    The expected type comes from property 'data' which is declared here on type '{ select?: UserSelect<DefaultArgs> | null | undefined; omit?: UserOmit<DefaultArgs> | null | undefined; include?: UserInclude<DefaultArgs> | null | undefined; data: (Without<...> & UserUncheckedUpdateInput) | (Without<...> & UserUpdateInput); where: UserWhereUniqueInput; }'

[[90m5:14:35 PM[0m] Found 2 errors. Watching for file changes.

(node:12215) Warning: SECURITY WARNING: The SSL modes 'prefer', 'require', and 'verify-ca' are treated as aliases for 'verify-full'.
In the next major version (pg-connection-string v3.0.0 and pg v9.0.0), these modes will adopt standard libpq semantics, which have weaker security guarantees.

To prepare for this change:
- If you want the current behavior, explicitly use 'sslmode=verify-full'
- If you want libpq compatibility now, use 'uselibpqcompat=true&sslmode=require'

See https://www.postgresql.org/docs/current/libpq-ssl.html for libpq SSL mode definitions.
(Use `node --trace-warnings ...` to show where the warning was created)
[31m[Nest] 12215  - [39m04/04/2026, 5:14:51 PM [31m  ERROR[39m [38;5;3m[ExceptionsHandler] [39mPrismaClientKnownRequestError: 
Invalid `this.prisma.shipment.findMany()` invocation in
/home/tessy/Desktop/logiboard/backend/src/analytics.service.ts:158:50

  155   return chartData;
  156 }
  157 async getRecentEvents() {
→ 158   const shipments = await this.prisma.shipment.findMany(
The column `Shipment.companyId` does not exist in the current database.
    at Gr.handleRequestError [90m(/home/tessy/Desktop/logiboard/backend/[39mnode_modules/[4m@prisma[24m/client/src/runtime/RequestHandler.ts:237:13[90m)[39m
    at Gr.handleAndLogRequestError [90m(/home/tessy/Desktop/logiboard/backend/[39mnode_modules/[4m@prisma[24m/client/src/runtime/RequestHandler.ts:183:12[90m)[39m
    at Gr.request [90m(/home/tessy/Desktop/logiboard/backend/[39mnode_modules/[4m@prisma[24m/client/src/runtime/RequestHandler.ts:152:12[90m)[39m
[90m    at process.processTicksAndRejections (node:internal/process/task_queues:95:5)[39m
    at async a [90m(/home/tessy/Desktop/logiboard/backend/[39mnode_modules/[4m@prisma[24m/client/src/runtime/getPrismaClient.ts:938:24[90m)[39m
    at async AnalyticsService.getRecentEvents [90m(/home/tessy/Desktop/logiboard/backend/[39msrc/analytics.service.ts:158:23[90m)[39m
    at async [90m/home/tessy/Desktop/logiboard/backend/[39mnode_modules/[4m@nestjs[24m/core/router/router-execution-context.js:46:28
    at async [90m/home/tessy/Desktop/logiboard/backend/[39mnode_modules/[4m@nestjs[24m/core/router/router-proxy.js:9:17 {
  code: [32m'P2022'[39m,
  meta: {
    modelName: [32m'Shipment'[39m,
    driverAdapterError: DriverAdapterError: ColumnNotFound
        at PrismaPgAdapter.onError [90m(/home/tessy/Desktop/logiboard/backend/[39mnode_modules/[4m@prisma[24m/adapter-pg/dist/index.js:678:11[90m)[39m
        at PrismaPgAdapter.performIO [90m(/home/tessy/Desktop/logiboard/backend/[39mnode_modules/[4m@prisma[24m/adapter-pg/dist/index.js:673:12[90m)[39m
    [90m    at process.processTicksAndRejections (node:internal/process/task_queues:95:5)[39m
        at async PrismaPgAdapter.queryRaw [90m(/home/tessy/Desktop/logiboard/backend/[39mnode_modules/[4m@prisma[24m/adapter-pg/dist/index.js:604:30[90m)[39m
        at async e.interpretNode [90m(/home/tessy/Desktop/logiboard/backend/[39mnode_modules/[4m@prisma[24m/client-engine-runtime/src/interpreter/query-interpreter.ts:186:26[90m)[39m
        at async e.interpretNode [90m(/home/tessy/Desktop/logiboard/backend/[39mnode_modules/[4m@prisma[24m/client-engine-runtime/src/interpreter/query-interpreter.ts:272:41[90m)[39m
        at async e.run [90m(/home/tessy/Desktop/logiboard/backend/[39mnode_modules/[4m@prisma[24m/client-engine-runtime/src/interpreter/query-interpreter.ts:94:23[90m)[39m
        at async e.execute [90m(/home/tessy/Desktop/logiboard/backend/[39mnode_modules/[4m@prisma[24m/client/src/runtime/core/engines/client/LocalExecutor.ts:81:12[90m)[39m
        at async jt.request [90m(/home/tessy/Desktop/logiboard/backend/[39mnode_modules/[4m@prisma[24m/client/src/runtime/core/engines/client/ClientEngine.ts:498:22[90m)[39m
        at async Object.singleLoader [90m(/home/tessy/Desktop/logiboard/backend/[39mnode_modules/[4m@prisma[24m/client/src/runtime/RequestHandler.ts:112:26[90m)[39m {
      cause: {
        originalCode: [32m'42703'[39m,
        originalMessage: [32m'column Shipment.companyId does not exist'[39m,
        kind: [32m'ColumnNotFound'[39m,
        column: [32m'Shipment.companyId'[39m
      }
    }
  },
  clientVersion: [32m'7.6.0'[39m
}
[31m[Nest] 12215  - [39m04/04/2026, 5:14:51 PM [31m  ERROR[39m [38;5;3m[ExceptionsHandler] [39mPrismaClientKnownRequestError: 
Invalid `this.prisma.company.count()` invocation in
/home/tessy/Desktop/logiboard/backend/src/analytics.service.ts:180:27

  177 
  178 async getGlobalStats() {
  179   const [totalCompanies, totalShipments, totalDrivers] = await Promise.all([
→ 180     this.prisma.company.count(
The table `public.Company` does not exist in the current database.
    at Gr.handleRequestError [90m(/home/tessy/Desktop/logiboard/backend/[39mnode_modules/[4m@prisma[24m/client/src/runtime/RequestHandler.ts:237:13[90m)[39m
    at Gr.handleAndLogRequestError [90m(/home/tessy/Desktop/logiboard/backend/[39mnode_modules/[4m@prisma[24m/client/src/runtime/RequestHandler.ts:183:12[90m)[39m
    at Gr.request [90m(/home/tessy/Desktop/logiboard/backend/[39mnode_modules/[4m@prisma[24m/client/src/runtime/RequestHandler.ts:152:12[90m)[39m
[90m    at process.processTicksAndRejections (node:internal/process/task_queues:95:5)[39m
    at async a [90m(/home/tessy/Desktop/logiboard/backend/[39mnode_modules/[4m@prisma[24m/client/src/runtime/getPrismaClient.ts:938:24[90m)[39m
    at async Promise.all (index 0)
    at async AnalyticsService.getGlobalStats [90m(/home/tessy/Desktop/logiboard/backend/[39msrc/analytics.service.ts:179:60[90m)[39m
    at async [90m/home/tessy/Desktop/logiboard/backend/[39mnode_modules/[4m@nestjs[24m/core/router/router-execution-context.js:46:28
    at async [90m/home/tessy/Desktop/logiboard/backend/[39mnode_modules/[4m@nestjs[24m/core/router/router-proxy.js:9:17 {
  code: [32m'P2021'[39m,
  meta: {
    modelName: [32m'Company'[39m,
    driverAdapterError: DriverAdapterError: TableDoesNotExist
        at PrismaPgAdapter.onError [90m(/home/tessy/Desktop/logiboard/backend/[39mnode_modules/[4m@prisma[24m/adapter-pg/dist/index.js:678:11[90m)[39m
        at PrismaPgAdapter.performIO [90m(/home/tessy/Desktop/logiboard/backend/[39mnode_modules/[4m@prisma[24m/adapter-pg/dist/index.js:673:12[90m)[39m
    [90m    at process.processTicksAndRejections (node:internal/process/task_queues:95:5)[39m
        at async PrismaPgAdapter.queryRaw [90m(/home/tessy/Desktop/logiboard/backend/[39mnode_modules/[4m@prisma[24m/adapter-pg/dist/index.js:604:30[90m)[39m
        at async e.interpretNode [90m(/home/tessy/Desktop/logiboard/backend/[39mnode_modules/[4m@prisma[24m/client-engine-runtime/src/interpreter/query-interpreter.ts:186:26[90m)[39m
        at async e.interpretNode [90m(/home/tessy/Desktop/logiboard/backend/[39mnode_modules/[4m@prisma[24m/client-engine-runtime/src/interpreter/query-interpreter.ts:213:41[90m)[39m
        at async e.interpretNode [90m(/home/tessy/Desktop/logiboard/backend/[39mnode_modules/[4m@prisma[24m/client-engine-runtime/src/interpreter/query-interpreter.ts:272:41[90m)[39m
        at async e.run [90m(/home/tessy/Desktop/logiboard/backend/[39mnode_modules/[4m@prisma[24m/client-engine-runtime/src/interpreter/query-interpreter.ts:94:23[90m)[39m
        at async e.execute [90m(/home/tessy/Desktop/logiboard/backend/[39mnode_modules/[4m@prisma[24m/client/src/runtime/core/engines/client/LocalExecutor.ts:81:12[90m)[39m
        at async jt.request [90m(/home/tessy/Desktop/logiboard/backend/[39mnode_modules/[4m@prisma[24m/client/src/runtime/core/engines/client/ClientEngine.ts:498:22[90m)[39m {
      cause: {
        originalCode: [32m'42P01'[39m,
        originalMessage: [32m'relation "public.Company" does not exist'[39m,
        kind: [32m'TableDoesNotExist'[39m,
        table: [32m'public.Company'[39m
      }
    }
  },
  clientVersion: [32m'7.6.0'[39m
}
[2J[3J[H[[90m5:16:12 PM[0m] File change detected. Starting incremental compilation...

[[90m5:16:19 PM[0m] Found 0 errors. Watching for file changes.

[32m[Nest] 59244  - [39m04/04/2026, 5:16:24 PM [32m    LOG[39m [38;5;3m[NestFactory] [39m[32mStarting Nest application...[39m
[32m[Nest] 59244  - [39m04/04/2026, 5:16:24 PM [32m    LOG[39m [38;5;3m[InstanceLoader] [39m[32mPrismaModule dependencies initialized[39m[38;5;3m +43ms[39m
[32m[Nest] 59244  - [39m04/04/2026, 5:16:24 PM [32m    LOG[39m [38;5;3m[InstanceLoader] [39m[32mPassportModule dependencies initialized[39m[38;5;3m +0ms[39m
[32m[Nest] 59244  - [39m04/04/2026, 5:16:24 PM [32m    LOG[39m [38;5;3m[InstanceLoader] [39m[32mJwtModule dependencies initialized[39m[38;5;3m +1ms[39m
[32m[Nest] 59244  - [39m04/04/2026, 5:16:24 PM [32m    LOG[39m [38;5;3m[InstanceLoader] [39m[32mInvoicesModule dependencies initialized[39m[38;5;3m +7ms[39m
[32m[Nest] 59244  - [39m04/04/2026, 5:16:24 PM [32m    LOG[39m [38;5;3m[InstanceLoader] [39m[32mShipmentsModule dependencies initialized[39m[38;5;3m +0ms[39m
[32m[Nest] 59244  - [39m04/04/2026, 5:16:24 PM [32m    LOG[39m [38;5;3m[InstanceLoader] [39m[32mDriversModule dependencies initialized[39m[38;5;3m +1ms[39m
[32m[Nest] 59244  - [39m04/04/2026, 5:16:24 PM [32m    LOG[39m [38;5;3m[InstanceLoader] [39m[32mAppModule dependencies initialized[39m[38;5;3m +1ms[39m
[32m[Nest] 59244  - [39m04/04/2026, 5:16:24 PM [32m    LOG[39m [38;5;3m[InstanceLoader] [39m[32mAuthModule dependencies initialized[39m[38;5;3m +0ms[39m
[32m[Nest] 59244  - [39m04/04/2026, 5:16:24 PM [32m    LOG[39m [38;5;3m[RoutesResolver] [39m[32mAppController {/}:[39m[38;5;3m +70ms[39m
[32m[Nest] 59244  - [39m04/04/2026, 5:16:24 PM [32m    LOG[39m [38;5;3m[RouterExplorer] [39m[32mMapped {/, GET} route[39m[38;5;3m +3ms[39m
[32m[Nest] 59244  - [39m04/04/2026, 5:16:24 PM [32m    LOG[39m [38;5;3m[RoutesResolver] [39m[32mAnalyticsController {/analytics}:[39m[38;5;3m +1ms[39m
[32m[Nest] 59244  - [39m04/04/2026, 5:16:24 PM [32m    LOG[39m [38;5;3m[RouterExplorer] [39m[32mMapped {/analytics, GET} route[39m[38;5;3m +1ms[39m
[32m[Nest] 59244  - [39m04/04/2026, 5:16:24 PM [32m    LOG[39m [38;5;3m[RoutesResolver] [39m[32mTrackController {/track}:[39m[38;5;3m +0ms[39m
[32m[Nest] 59244  - [39m04/04/2026, 5:16:24 PM [32m    LOG[39m [38;5;3m[RouterExplorer] [39m[32mMapped {/track/:trackingId, GET} route[39m[38;5;3m +1ms[39m
[32m[Nest] 59244  - [39m04/04/2026, 5:16:24 PM [32m    LOG[39m [38;5;3m[RoutesResolver] [39m[32mPublicAnalyticsController {/public-analytics}:[39m[38;5;3m +0ms[39m
[32m[Nest] 59244  - [39m04/04/2026, 5:16:24 PM [32m    LOG[39m [38;5;3m[RouterExplorer] [39m[32mMapped {/public-analytics/global-stats, GET} route[39m[38;5;3m +1ms[39m
[32m[Nest] 59244  - [39m04/04/2026, 5:16:24 PM [32m    LOG[39m [38;5;3m[RouterExplorer] [39m[32mMapped {/public-analytics/recent-events, GET} route[39m[38;5;3m +0ms[39m
[32m[Nest] 59244  - [39m04/04/2026, 5:16:24 PM [32m    LOG[39m [38;5;3m[RoutesResolver] [39m[32mShipmentsController {/shipments}:[39m[38;5;3m +1ms[39m
[32m[Nest] 59244  - [39m04/04/2026, 5:16:24 PM [32m    LOG[39m [38;5;3m[RouterExplorer] [39m[32mMapped {/shipments, POST} route[39m[38;5;3m +2ms[39m
[32m[Nest] 59244  - [39m04/04/2026, 5:16:24 PM [32m    LOG[39m [38;5;3m[RouterExplorer] [39m[32mMapped {/shipments, GET} route[39m[38;5;3m +2ms[39m
[32m[Nest] 59244  - [39m04/04/2026, 5:16:24 PM [32m    LOG[39m [38;5;3m[RouterExplorer] [39m[32mMapped {/shipments/:id, GET} route[39m[38;5;3m +2ms[39m
[32m[Nest] 59244  - [39m04/04/2026, 5:16:24 PM [32m    LOG[39m [38;5;3m[RouterExplorer] [39m[32mMapped {/shipments/:id, PATCH} route[39m[38;5;3m +2ms[39m
[32m[Nest] 59244  - [39m04/04/2026, 5:16:24 PM [32m    LOG[39m [38;5;3m[RouterExplorer] [39m[32mMapped {/shipments/:id, DELETE} route[39m[38;5;3m +1ms[39m
[32m[Nest] 59244  - [39m04/04/2026, 5:16:24 PM [32m    LOG[39m [38;5;3m[RoutesResolver] [39m[32mDriversController {/drivers}:[39m[38;5;3m +0ms[39m
[32m[Nest] 59244  - [39m04/04/2026, 5:16:24 PM [32m    LOG[39m [38;5;3m[RouterExplorer] [39m[32mMapped {/drivers, POST} route[39m[38;5;3m +1ms[39m
[32m[Nest] 59244  - [39m04/04/2026, 5:16:24 PM [32m    LOG[39m [38;5;3m[RouterExplorer] [39m[32mMapped {/drivers, GET} route[39m[38;5;3m +1ms[39m
[32m[Nest] 59244  - [39m04/04/2026, 5:16:24 PM [32m    LOG[39m [38;5;3m[RouterExplorer] [39m[32mMapped {/drivers/:id, GET} route[39m[38;5;3m +1ms[39m
[32m[Nest] 59244  - [39m04/04/2026, 5:16:24 PM [32m    LOG[39m [38;5;3m[RouterExplorer] [39m[32mMapped {/drivers/:id, PATCH} route[39m[38;5;3m +0ms[39m
[32m[Nest] 59244  - [39m04/04/2026, 5:16:24 PM [32m    LOG[39m [38;5;3m[RouterExplorer] [39m[32mMapped {/drivers/:id, DELETE} route[39m[38;5;3m +1ms[39m
[32m[Nest] 59244  - [39m04/04/2026, 5:16:24 PM [32m    LOG[39m [38;5;3m[RoutesResolver] [39m[32mAuthController {/auth}:[39m[38;5;3m +0ms[39m
[32m[Nest] 59244  - [39m04/04/2026, 5:16:24 PM [32m    LOG[39m [38;5;3m[RouterExplorer] [39m[32mMapped {/auth/login, POST} route[39m[38;5;3m +0ms[39m
[32m[Nest] 59244  - [39m04/04/2026, 5:16:24 PM [32m    LOG[39m [38;5;3m[RouterExplorer] [39m[32mMapped {/auth/register, POST} route[39m[38;5;3m +0ms[39m
[32m[Nest] 59244  - [39m04/04/2026, 5:16:24 PM [32m    LOG[39m [38;5;3m[RouterExplorer] [39m[32mMapped {/auth/oauth-login, POST} route[39m[38;5;3m +0ms[39m
[32m[Nest] 59244  - [39m04/04/2026, 5:16:24 PM [32m    LOG[39m [38;5;3m[RouterExplorer] [39m[32mMapped {/auth/profile, GET} route[39m[38;5;3m +1ms[39m
[32m[Nest] 59244  - [39m04/04/2026, 5:16:24 PM [32m    LOG[39m [38;5;3m[RouterExplorer] [39m[32mMapped {/auth/upload-avatar, POST} route[39m[38;5;3m +0ms[39m
[32m[Nest] 59244  - [39m04/04/2026, 5:16:24 PM [32m    LOG[39m [38;5;3m[RoutesResolver] [39m[32mInvoicesController {/shipments}:[39m[38;5;3m +1ms[39m
[32m[Nest] 59244  - [39m04/04/2026, 5:16:24 PM [32m    LOG[39m [38;5;3m[RouterExplorer] [39m[32mMapped {/shipments/:id/invoice, GET} route[39m[38;5;3m +1ms[39m
[32m[Nest] 59244  - [39m04/04/2026, 5:16:24 PM [32m    LOG[39m [38;5;3m[NestApplication] [39m[32mNest application successfully started[39m[38;5;3m +155ms[39m
(node:59244) Warning: SECURITY WARNING: The SSL modes 'prefer', 'require', and 'verify-ca' are treated as aliases for 'verify-full'.
In the next major version (pg-connection-string v3.0.0 and pg v9.0.0), these modes will adopt standard libpq semantics, which have weaker security guarantees.

To prepare for this change:
- If you want the current behavior, explicitly use 'sslmode=verify-full'
- If you want libpq compatibility now, use 'uselibpqcompat=true&sslmode=require'

See https://www.postgresql.org/docs/current/libpq-ssl.html for libpq SSL mode definitions.
(Use `node --trace-warnings ...` to show where the warning was created)
[31m[Nest] 59244  - [39m04/04/2026, 5:18:00 PM [31m  ERROR[39m [38;5;3m[ExceptionsHandler] [39mPrismaClientKnownRequestError: 
Invalid `this.prisma.company.count()` invocation in
/home/tessy/Desktop/logiboard/backend/src/analytics.service.ts:180:27

  177 
  178 async getGlobalStats() {
  179   const [totalCompanies, totalShipments, totalDrivers] = await Promise.all([
→ 180     this.prisma.company.count(
The table `public.Company` does not exist in the current database.
    at Gr.handleRequestError [90m(/home/tessy/Desktop/logiboard/backend/[39mnode_modules/[4m@prisma[24m/client/src/runtime/RequestHandler.ts:237:13[90m)[39m
    at Gr.handleAndLogRequestError [90m(/home/tessy/Desktop/logiboard/backend/[39mnode_modules/[4m@prisma[24m/client/src/runtime/RequestHandler.ts:183:12[90m)[39m
    at Gr.request [90m(/home/tessy/Desktop/logiboard/backend/[39mnode_modules/[4m@prisma[24m/client/src/runtime/RequestHandler.ts:152:12[90m)[39m
[90m    at process.processTicksAndRejections (node:internal/process/task_queues:95:5)[39m
    at async a [90m(/home/tessy/Desktop/logiboard/backend/[39mnode_modules/[4m@prisma[24m/client/src/runtime/getPrismaClient.ts:938:24[90m)[39m
    at async Promise.all (index 0)
    at async AnalyticsService.getGlobalStats [90m(/home/tessy/Desktop/logiboard/backend/[39msrc/analytics.service.ts:179:60[90m)[39m
    at async [90m/home/tessy/Desktop/logiboard/backend/[39mnode_modules/[4m@nestjs[24m/core/router/router-execution-context.js:46:28
    at async [90m/home/tessy/Desktop/logiboard/backend/[39mnode_modules/[4m@nestjs[24m/core/router/router-proxy.js:9:17 {
  code: [32m'P2021'[39m,
  meta: {
    modelName: [32m'Company'[39m,
    driverAdapterError: DriverAdapterError: TableDoesNotExist
        at PrismaPgAdapter.onError [90m(/home/tessy/Desktop/logiboard/backend/[39mnode_modules/[4m@prisma[24m/adapter-pg/dist/index.js:678:11[90m)[39m
        at PrismaPgAdapter.performIO [90m(/home/tessy/Desktop/logiboard/backend/[39mnode_modules/[4m@prisma[24m/adapter-pg/dist/index.js:673:12[90m)[39m
    [90m    at process.processTicksAndRejections (node:internal/process/task_queues:95:5)[39m
        at async PrismaPgAdapter.queryRaw [90m(/home/tessy/Desktop/logiboard/backend/[39mnode_modules/[4m@prisma[24m/adapter-pg/dist/index.js:604:30[90m)[39m
        at async e.interpretNode [90m(/home/tessy/Desktop/logiboard/backend/[39mnode_modules/[4m@prisma[24m/client-engine-runtime/src/interpreter/query-interpreter.ts:186:26[90m)[39m
        at async e.interpretNode [90m(/home/tessy/Desktop/logiboard/backend/[39mnode_modules/[4m@prisma[24m/client-engine-runtime/src/interpreter/query-interpreter.ts:213:41[90m)[39m
        at async e.interpretNode [90m(/home/tessy/Desktop/logiboard/backend/[39mnode_modules/[4m@prisma[24m/client-engine-runtime/src/interpreter/query-interpreter.ts:272:41[90m)[39m
        at async e.run [90m(/home/tessy/Desktop/logiboard/backend/[39mnode_modules/[4m@prisma[24m/client-engine-runtime/src/interpreter/query-interpreter.ts:94:23[90m)[39m
        at async e.execute [90m(/home/tessy/Desktop/logiboard/backend/[39mnode_modules/[4m@prisma[24m/client/src/runtime/core/engines/client/LocalExecutor.ts:81:12[90m)[39m
        at async jt.request [90m(/home/tessy/Desktop/logiboard/backend/[39mnode_modules/[4m@prisma[24m/client/src/runtime/core/engines/client/ClientEngine.ts:498:22[90m)[39m {
      cause: {
        originalCode: [32m'42P01'[39m,
        originalMessage: [32m'relation "public.Company" does not exist'[39m,
        kind: [32m'TableDoesNotExist'[39m,
        table: [32m'public.Company'[39m
      }
    }
  },
  clientVersion: [32m'7.6.0'[39m
}
[31m[Nest] 59244  - [39m04/04/2026, 5:18:00 PM [31m  ERROR[39m [38;5;3m[ExceptionsHandler] [39mPrismaClientKnownRequestError: 
Invalid `this.prisma.shipment.findMany()` invocation in
/home/tessy/Desktop/logiboard/backend/src/analytics.service.ts:158:50

  155   return chartData;
  156 }
  157 async getRecentEvents() {
→ 158   const shipments = await this.prisma.shipment.findMany(
The column `Shipment.companyId` does not exist in the current database.
    at Gr.handleRequestError [90m(/home/tessy/Desktop/logiboard/backend/[39mnode_modules/[4m@prisma[24m/client/src/runtime/RequestHandler.ts:237:13[90m)[39m
    at Gr.handleAndLogRequestError [90m(/home/tessy/Desktop/logiboard/backend/[39mnode_modules/[4m@prisma[24m/client/src/runtime/RequestHandler.ts:183:12[90m)[39m
    at Gr.request [90m(/home/tessy/Desktop/logiboard/backend/[39mnode_modules/[4m@prisma[24m/client/src/runtime/RequestHandler.ts:152:12[90m)[39m
[90m    at process.processTicksAndRejections (node:internal/process/task_queues:95:5)[39m
    at async a [90m(/home/tessy/Desktop/logiboard/backend/[39mnode_modules/[4m@prisma[24m/client/src/runtime/getPrismaClient.ts:938:24[90m)[39m
    at async AnalyticsService.getRecentEvents [90m(/home/tessy/Desktop/logiboard/backend/[39msrc/analytics.service.ts:158:23[90m)[39m
    at async [90m/home/tessy/Desktop/logiboard/backend/[39mnode_modules/[4m@nestjs[24m/core/router/router-execution-context.js:46:28
    at async [90m/home/tessy/Desktop/logiboard/backend/[39mnode_modules/[4m@nestjs[24m/core/router/router-proxy.js:9:17 {
  code: [32m'P2022'[39m,
  meta: {
    modelName: [32m'Shipment'[39m,
    driverAdapterError: DriverAdapterError: ColumnNotFound
        at PrismaPgAdapter.onError [90m(/home/tessy/Desktop/logiboard/backend/[39mnode_modules/[4m@prisma[24m/adapter-pg/dist/index.js:678:11[90m)[39m
        at PrismaPgAdapter.performIO [90m(/home/tessy/Desktop/logiboard/backend/[39mnode_modules/[4m@prisma[24m/adapter-pg/dist/index.js:673:12[90m)[39m
    [90m    at process.processTicksAndRejections (node:internal/process/task_queues:95:5)[39m
        at async PrismaPgAdapter.queryRaw [90m(/home/tessy/Desktop/logiboard/backend/[39mnode_modules/[4m@prisma[24m/adapter-pg/dist/index.js:604:30[90m)[39m
        at async e.interpretNode [90m(/home/tessy/Desktop/logiboard/backend/[39mnode_modules/[4m@prisma[24m/client-engine-runtime/src/interpreter/query-interpreter.ts:186:26[90m)[39m
        at async e.interpretNode [90m(/home/tessy/Desktop/logiboard/backend/[39mnode_modules/[4m@prisma[24m/client-engine-runtime/src/interpreter/query-interpreter.ts:272:41[90m)[39m
        at async e.run [90m(/home/tessy/Desktop/logiboard/backend/[39mnode_modules/[4m@prisma[24m/client-engine-runtime/src/interpreter/query-interpreter.ts:94:23[90m)[39m
        at async e.execute [90m(/home/tessy/Desktop/logiboard/backend/[39mnode_modules/[4m@prisma[24m/client/src/runtime/core/engines/client/LocalExecutor.ts:81:12[90m)[39m
        at async jt.request [90m(/home/tessy/Desktop/logiboard/backend/[39mnode_modules/[4m@prisma[24m/client/src/runtime/core/engines/client/ClientEngine.ts:498:22[90m)[39m
        at async Object.singleLoader [90m(/home/tessy/Desktop/logiboard/backend/[39mnode_modules/[4m@prisma[24m/client/src/runtime/RequestHandler.ts:112:26[90m)[39m {
      cause: {
        originalCode: [32m'42703'[39m,
        originalMessage: [32m'column Shipment.companyId does not exist'[39m,
        kind: [32m'ColumnNotFound'[39m,
        column: [32m'Shipment.companyId'[39m
      }
    }
  },
  clientVersion: [32m'7.6.0'[39m
}
[2J[3J[H[[90m5:36:17 PM[0m] File change detected. Starting incremental compilation...

[96msrc/auth/jwt.strategy.ts[0m:[93m8[0m:[93m11[0m - [91merror[0m[90m TS2345: [0mArgument of type '[{ jwtFromRequest: JwtFromRequestFunction<any>; ignoreExpiration: false; secretOrKey: string | undefined; }]' is not assignable to parameter of type '[opt: StrategyOptionsWithoutRequest] | [opt: StrategyOptionsWithRequest]'.
  Type '[{ jwtFromRequest: JwtFromRequestFunction<any>; ignoreExpiration: false; secretOrKey: string | undefined; }]' is not assignable to type '[opt: StrategyOptionsWithRequest]'.
    Type '{ jwtFromRequest: JwtFromRequestFunction<any>; ignoreExpiration: false; secretOrKey: string | undefined; }' is not assignable to type 'StrategyOptionsWithRequest'.
      Type '{ jwtFromRequest: JwtFromRequestFunction<any>; ignoreExpiration: false; secretOrKey: string | undefined; }' is not assignable to type 'Omit<WithSecretOrKey, "secretOrKeyProvider"> & { passReqToCallback: true; }'.
        Type '{ jwtFromRequest: JwtFromRequestFunction<any>; ignoreExpiration: false; secretOrKey: string | undefined; }' is not assignable to type 'Omit<WithSecretOrKey, "secretOrKeyProvider">'.
          Types of property 'secretOrKey' are incompatible.
            Type 'string | undefined' is not assignable to type 'string | Buffer<ArrayBufferLike>'.
              Type 'undefined' is not assignable to type 'string | Buffer<ArrayBufferLike>'.

[7m  8[0m     super({
[7m   [0m [91m          ~[0m
[7m  9[0m       jwtFromRequest: ExtractJwt.fromAuthHeaderAsBearerToken(),
[7m   [0m [91m~~~~~~~~~~~~~~~~~~~~~~~~~~~~~~~~~~~~~~~~~~~~~~~~~~~~~~~~~~~~~~~[0m
[7m...[0m 
[7m 11[0m       secretOrKey: process.env.JWT_SECRET,
[7m   [0m [91m~~~~~~~~~~~~~~~~~~~~~~~~~~~~~~~~~~~~~~~~~~[0m
[7m 12[0m     });
[7m   [0m [91m~~~~~[0m

[[90m5:36:17 PM[0m] Found 1 error. Watching for file changes.

[2J[3J[H[[90m5:36:25 PM[0m] File change detected. Starting incremental compilation...

[[90m5:36:26 PM[0m] Found 0 errors. Watching for file changes.

[32m[Nest] 84748  - [39m04/04/2026, 5:36:27 PM [32m    LOG[39m [38;5;3m[NestFactory] [39m[32mStarting Nest application...[39m
[31m[Nest] 84748  - [39m04/04/2026, 5:36:27 PM [31m  ERROR[39m [38;5;3m[ExceptionHandler] [39mTypeError: JwtStrategy requires a secret or key
    at new JwtStrategy [90m(/home/tessy/Desktop/logiboard/backend/[39mnode_modules/[4mpassport-jwt[24m/lib/strategy.js:45:15[90m)[39m
    at new StrategyWithMixin [90m(/home/tessy/Desktop/logiboard/backend/[39mnode_modules/[4m@nestjs[24m/passport/dist/passport/passport.strategy.js:34:13[90m)[39m
    at new JwtStrategy [90m(/home/tessy/Desktop/logiboard/backend/[39msrc/auth/jwt.strategy.ts:8:5[90m)[39m
    at Injector.instantiateClass [90m(/home/tessy/Desktop/logiboard/backend/[39mnode_modules/[4m@nestjs[24m/core/injector/injector.js:422:19[90m)[39m
    at callback [90m(/home/tessy/Desktop/logiboard/backend/[39mnode_modules/[4m@nestjs[24m/core/injector/injector.js:70:45[90m)[39m
    at async Injector.resolveConstructorParams [90m(/home/tessy/Desktop/logiboard/backend/[39mnode_modules/[4m@nestjs[24m/core/injector/injector.js:170:24[90m)[39m
    at async Injector.loadInstance [90m(/home/tessy/Desktop/logiboard/backend/[39mnode_modules/[4m@nestjs[24m/core/injector/injector.js:75:13[90m)[39m
    at async Injector.loadProvider [90m(/home/tessy/Desktop/logiboard/backend/[39mnode_modules/[4m@nestjs[24m/core/injector/injector.js:103:9[90m)[39m
    at async [90m/home/tessy/Desktop/logiboard/backend/[39mnode_modules/[4m@nestjs[24m/core/injector/instance-loader.js:56:13
    at async Promise.all (index 4)
[2J[3J[H[[90m5:38:28 PM[0m] File change detected. Starting incremental compilation...

[[90m5:38:29 PM[0m] Found 0 errors. Watching for file changes.

[32m[Nest] 87314  - [39m04/04/2026, 5:38:30 PM [32m    LOG[39m [38;5;3m[NestFactory] [39m[32mStarting Nest application...[39m
[31m[Nest] 87314  - [39m04/04/2026, 5:38:30 PM [31m  ERROR[39m [38;5;3m[ExceptionHandler] [39mTypeError: JwtStrategy requires a secret or key
    at new JwtStrategy [90m(/home/tessy/Desktop/logiboard/backend/[39mnode_modules/[4mpassport-jwt[24m/lib/strategy.js:45:15[90m)[39m
    at new StrategyWithMixin [90m(/home/tessy/Desktop/logiboard/backend/[39mnode_modules/[4m@nestjs[24m/passport/dist/passport/passport.strategy.js:34:13[90m)[39m
    at new JwtStrategy [90m(/home/tessy/Desktop/logiboard/backend/[39msrc/auth/jwt.strategy.ts:8:5[90m)[39m
    at Injector.instantiateClass [90m(/home/tessy/Desktop/logiboard/backend/[39mnode_modules/[4m@nestjs[24m/core/injector/injector.js:422:19[90m)[39m
    at callback [90m(/home/tessy/Desktop/logiboard/backend/[39mnode_modules/[4m@nestjs[24m/core/injector/injector.js:70:45[90m)[39m
    at async Injector.resolveConstructorParams [90m(/home/tessy/Desktop/logiboard/backend/[39mnode_modules/[4m@nestjs[24m/core/injector/injector.js:170:24[90m)[39m
    at async Injector.loadInstance [90m(/home/tessy/Desktop/logiboard/backend/[39mnode_modules/[4m@nestjs[24m/core/injector/injector.js:75:13[90m)[39m
    at async Injector.loadProvider [90m(/home/tessy/Desktop/logiboard/backend/[39mnode_modules/[4m@nestjs[24m/core/injector/injector.js:103:9[90m)[39m
    at async [90m/home/tessy/Desktop/logiboard/backend/[39mnode_modules/[4m@nestjs[24m/core/injector/instance-loader.js:56:13
    at async Promise.all (index 4)
